../Device/ProtocolProcessing.c:34:6:frame_send	64	dynamic
../Device/ProtocolProcessing.c:95:5:head_verification	24	static
../Device/ProtocolProcessing.c:110:5:tail_verification	24	static
../Device/ProtocolProcessing.c:128:6:Dacai_Send	32	static
../Device/ProtocolProcessing.c:165:6:Daicai_Decode	16	static
../Device/ProtocolProcessing.c:198:9:PConectRceive	16	static
../Device/ProtocolProcessing.c:225:6:PConectSend	24	static
../Device/ProtocolProcessing.c:251:6:PConectProcess	8	static
../Device/ProtocolProcessing.c:266:6:DDSend	48	static
