../Device/ProtocolProcessing.c:35:6:frame_send	64	dynamic
../Device/ProtocolProcessing.c:91:5:head_verification	24	static
../Device/ProtocolProcessing.c:107:5:tail_verification	24	static
../Device/ProtocolProcessing.c:125:6:Dacai_Send	32	static
../Device/ProtocolProcessing.c:163:6:Daicai_Decode	16	static
../Device/ProtocolProcessing.c:196:9:PConectRceive	16	static
../Device/ProtocolProcessing.c:223:6:PConectSend	24	static
../Device/ProtocolProcessing.c:249:6:PConectProcess	8	static
../Device/ProtocolProcessing.c:264:6:DDSend	48	static
